// Jest Snapshot v1, https://jestjs.io/docs/snapshot-testing

exports[`template creates template with single array data field 1`] = `
"Hello Alice!
Hello Bob!
Hello Charlie!"
`;

exports[`template creates template with single data field 1`] = `"Hello John!"`;

exports[`template creates template with three combined array data fields 1`] = `
"Alice goes to Paris on Feb, 5!
Alice goes to London on Jan, 1!
Bob goes to Paris on Feb, 5!
Bob goes to London on Jan, 1!"
`;

exports[`template creates template with two permutated array data fields 1`] = `
"Alice goes to Paris!
Bob goes to Paris!
Charlie goes to Paris!
Alice goes to London!
Bob goes to London!
Charlie goes to London!"
`;

exports[`template creates template with two zipped array data fields 1`] = `
"Alice goes to Paris!
Bob goes to London!
Charlie goes to Tokyo!"
`;

exports[`template creates template without data 1`] = `"Lorem ipsum dolor sit amet"`;

exports[`template doesn't permutate properties, that are not referenced in template 1`] = `
"Hello Alice!
Hello Bob!
Hello Charlie!"
`;

exports[`template preserves the substitution field if root property not found in the data 1`] = `"Hello {{name}}!"`;

exports[`template renders object as JSON 1`] = `"User: {"name":"Alice","age":25}"`;

exports[`template resolves array path properties preserving structure of data 1`] = `
"Alice Smith of age 25 lives in Paris
Bob Jones of age 30 lives in Paris
Charlie Brown of age 35 lives in London
Diana Wilson of age 28 lives in London"
`;

exports[`template resolves path properties 1`] = `"Hello John Doe!"`;

exports[`template takes the least number of zipped items 1`] = `
"Alice goes to Paris!
Bob goes to London!"
`;
